
> secureprintlink@0.1.0 build
> react-scripts build

Creating an optimized production build...
Compiled with warnings.

[eslint] 
src\pages\PrintRelease.js
  Line 516:10:  'printedViaIframe' is assigned a value but never used     no-unused-vars
  Line 516:28:  'setPrintedViaIframe' is assigned a value but never used  no-unused-vars
  Line 839:11:  'documentErrorCount' is assigned a value but never used   no-unused-vars

Search for the keywords to learn more about each warning.
To ignore, add // eslint-disable-next-line to the line before.

File sizes after gzip:

  192.01 kB  build\static\js\main.d84dcf88.js
  4.84 kB    build\static\css\main.91d89ced.css
  1.77 kB    build\static\js\453.d71cb821.chunk.js

The project was built assuming it is hosted at /.
You can control this with the homepage field in your package.json.

The build folder is ready to be deployed.
You may serve it with a static server:

  serve -s build

Find out more about deployment here:

  https://cra.link/deployment

